// Jest Snapshot v1, https://goo.gl/fbAQLP

exports[`renders correctly 1`] = `
<View
  accessibilityIgnoresInvertColors={true}
  style={
    Object {
      "flex": 1,
      "width": "100%",
    }
  }
>
  <Image
    resizeMode="cover"
    source={1}
    style={
      Array [
        Object {
          "bottom": 0,
          "left": 0,
          "position": "absolute",
          "right": 0,
          "top": 0,
        },
        Object {
          "height": undefined,
          "width": "100%",
        },
        undefined,
      ]
    }
  />
  <View
    onLayout={[Function]}
    style={
      Array [
        Object {
          "flex": 1,
          "padding": 20,
          "width": "100%",
        },
        Object {
          "paddingBottom": 0,
        },
      ]
    }
  >
    <Text
      style={
        Array [
          Object {
            "color": "#ffe002",
          },
          Array [
            undefined,
            Object {
              "fontFamily": "space-mono",
            },
          ],
        ]
      }
    >
      Snapshot test!
    </Text>
  </View>
</View>
`;
